BOOLEAN ID(a) BECOMES TRUE SEMICOLON BOOLEAN ID(b) BECOMES NOT ID(a) SEMICOLON