INT ID(i) BECOMES INTEGER_LITERAL(0) SEMICOLON INT ID(j) BECOMES INTEGER_LITERAL(0) SEMICOLON