PUBLIC STATIC VOID MAIN LPAREN STRING LBRACKET RBRACKET ID(args) RPAREN LBRACE SOUT LPAREN INTEGER_LITERAL(10) RPAREN SEMICOLON RBRACE