Global
  Bruh
  fields:
  methods:
  main
    Parameters:
    Local Variables:
