ID(a) BECOMES ID(b) PLUS ID(c) SEMICOLON DISPLAY ID(a) SEMICOLON