Program
  MainClass Foo
    =
      a
      +
        a
        1
